Símbolo         Valor Decimal   Valor Hexadecimal
-------         -------------   -----------------
SAIDA                     126                  7E
LETRAE                    128                  80
LETRA_R                   129                  81
LETRA_I                   130                  82
LETRA_C                   131                  83
LETRA_K                   132                  84
LETRAR                    133                  85
LETRA_O                   134                  86
LETRA_D                   135                  87
LETRA_I2                  136                  88
LETRA_G                   137                  89
LETRA_U                   138                  8A
LETRA_E2                  139                  8B
LETRA_S                   140                  8C
LETRA_ESP                 141                  8D
LETRA_T                   142                  8E
LETRA_A                   143                  8F
LETRA_V                   144                  90
LETRA_A2                  145                  91
LETRA_R2                  146                  92
LETRA_E3                  147                  93
LETRA_S2                  148                  94
